--------------------------------------------------------------------------------
Release 13.4 Trace  (nt64)
Copyright (c) 1995-2011 Xilinx, Inc.  All rights reserved.

C:\Xilinx\13.4\ISE_DS\ISE\bin\nt64\unwrapped\trce.exe -intstyle ise -v 3 -s 2
-n 3 -fastpaths -xml UAL.twx UAL.ncd -o UAL.twr UAL.pcf

Design file:              UAL.ncd
Physical constraint file: UAL.pcf
Device,package,speed:     xc6slx16,csg324,C,-2 (PRODUCTION 1.21 2012-01-07)
Report level:             verbose report

Environment Variable      Effect 
--------------------      ------ 
NONE                      No environment variables were set
--------------------------------------------------------------------------------

INFO:Timing:2698 - No timing constraints found, doing default enumeration.
INFO:Timing:3412 - To improve timing, see the Timing Closure User Guide (UG612).
INFO:Timing:2752 - To get complete path coverage, use the unconstrained paths 
   option. All paths that are not constrained will be reported in the 
   unconstrained paths section(s) of the report.
INFO:Timing:3339 - The clock-to-out numbers in this timing report are based on 
   a 50 Ohm transmission line loading model.  For the details of this model, 
   and for more information on accounting for different loading conditions, 
   please see the device datasheet.



Data Sheet report:
-----------------
All values displayed in nanoseconds (ns)

Pad to Pad
---------------+---------------+---------+
Source Pad     |Destination Pad|  Delay  |
---------------+---------------+---------+
A<0>           |NOZC<0>        |   10.138|
A<0>           |NOZC<1>        |   14.723|
A<0>           |NOZC<2>        |   14.337|
A<0>           |NOZC<3>        |   13.462|
A<0>           |S<0>           |   13.902|
A<0>           |S<1>           |   14.117|
A<0>           |S<2>           |   13.546|
A<0>           |S<3>           |   12.935|
A<0>           |S<4>           |   13.478|
A<0>           |S<5>           |   13.171|
A<0>           |S<6>           |   13.472|
A<0>           |S<7>           |   13.258|
A<1>           |NOZC<0>        |   10.431|
A<1>           |NOZC<1>        |   14.538|
A<1>           |NOZC<2>        |   14.152|
A<1>           |NOZC<3>        |   13.277|
A<1>           |S<0>           |   13.717|
A<1>           |S<1>           |   13.932|
A<1>           |S<2>           |   13.361|
A<1>           |S<3>           |   12.750|
A<1>           |S<4>           |   13.293|
A<1>           |S<5>           |   12.986|
A<1>           |S<6>           |   13.287|
A<1>           |S<7>           |   13.073|
A<2>           |NOZC<0>        |    9.821|
A<2>           |NOZC<1>        |   14.806|
A<2>           |NOZC<2>        |   14.420|
A<2>           |NOZC<3>        |   13.545|
A<2>           |S<0>           |   13.985|
A<2>           |S<1>           |   14.200|
A<2>           |S<2>           |   13.629|
A<2>           |S<3>           |   13.018|
A<2>           |S<4>           |   13.561|
A<2>           |S<5>           |   13.254|
A<2>           |S<6>           |   13.555|
A<2>           |S<7>           |   13.341|
A<3>           |NOZC<0>        |   10.024|
A<3>           |NOZC<1>        |   14.785|
A<3>           |NOZC<2>        |   14.399|
A<3>           |NOZC<3>        |   13.524|
A<3>           |S<0>           |   13.964|
A<3>           |S<1>           |   14.179|
A<3>           |S<2>           |   13.608|
A<3>           |S<3>           |   12.997|
A<3>           |S<4>           |   13.540|
A<3>           |S<5>           |   13.233|
A<3>           |S<6>           |   13.534|
A<3>           |S<7>           |   13.320|
A<4>           |NOZC<0>        |   10.490|
A<4>           |NOZC<1>        |   14.863|
A<4>           |NOZC<2>        |   14.477|
A<4>           |NOZC<3>        |   13.602|
A<4>           |S<0>           |   14.042|
A<4>           |S<1>           |   14.257|
A<4>           |S<2>           |   13.686|
A<4>           |S<3>           |   13.075|
A<4>           |S<4>           |   13.618|
A<4>           |S<5>           |   13.311|
A<4>           |S<6>           |   13.612|
A<4>           |S<7>           |   13.398|
A<5>           |NOZC<0>        |   10.514|
A<5>           |NOZC<1>        |   14.899|
A<5>           |NOZC<2>        |   14.513|
A<5>           |NOZC<3>        |   13.638|
A<5>           |S<0>           |   14.078|
A<5>           |S<1>           |   14.293|
A<5>           |S<2>           |   13.722|
A<5>           |S<3>           |   13.111|
A<5>           |S<4>           |   13.654|
A<5>           |S<5>           |   13.347|
A<5>           |S<6>           |   13.648|
A<5>           |S<7>           |   13.434|
A<6>           |NOZC<0>        |    9.887|
A<6>           |NOZC<1>        |   14.791|
A<6>           |NOZC<2>        |   14.405|
A<6>           |NOZC<3>        |   13.530|
A<6>           |S<0>           |   13.970|
A<6>           |S<1>           |   14.185|
A<6>           |S<2>           |   13.614|
A<6>           |S<3>           |   13.003|
A<6>           |S<4>           |   13.546|
A<6>           |S<5>           |   13.239|
A<6>           |S<6>           |   13.540|
A<6>           |S<7>           |   13.326|
A<7>           |NOZC<0>        |   10.207|
A<7>           |NOZC<1>        |   14.630|
A<7>           |NOZC<2>        |   14.244|
A<7>           |NOZC<3>        |   13.369|
A<7>           |S<0>           |   13.809|
A<7>           |S<1>           |   14.024|
A<7>           |S<2>           |   13.453|
A<7>           |S<3>           |   12.842|
A<7>           |S<4>           |   13.385|
A<7>           |S<5>           |   13.078|
A<7>           |S<6>           |   13.379|
A<7>           |S<7>           |   13.165|
B<0>           |NOZC<0>        |   10.960|
B<0>           |NOZC<1>        |   14.502|
B<0>           |NOZC<2>        |   14.116|
B<0>           |NOZC<3>        |   13.241|
B<0>           |S<0>           |   13.681|
B<0>           |S<1>           |   13.896|
B<0>           |S<2>           |   13.325|
B<0>           |S<3>           |   12.714|
B<0>           |S<4>           |   13.257|
B<0>           |S<5>           |   12.950|
B<0>           |S<6>           |   13.251|
B<0>           |S<7>           |   13.037|
B<1>           |NOZC<0>        |   10.631|
B<1>           |NOZC<1>        |   14.559|
B<1>           |NOZC<2>        |   14.173|
B<1>           |NOZC<3>        |   13.298|
B<1>           |S<0>           |   13.738|
B<1>           |S<1>           |   13.953|
B<1>           |S<2>           |   13.382|
B<1>           |S<3>           |   12.771|
B<1>           |S<4>           |   13.314|
B<1>           |S<5>           |   13.007|
B<1>           |S<6>           |   13.308|
B<1>           |S<7>           |   13.094|
B<2>           |NOZC<0>        |   10.441|
B<2>           |NOZC<1>        |   14.556|
B<2>           |NOZC<2>        |   14.170|
B<2>           |NOZC<3>        |   13.295|
B<2>           |S<0>           |   13.735|
B<2>           |S<1>           |   13.950|
B<2>           |S<2>           |   13.379|
B<2>           |S<3>           |   12.768|
B<2>           |S<4>           |   13.311|
B<2>           |S<5>           |   13.004|
B<2>           |S<6>           |   13.305|
B<2>           |S<7>           |   13.091|
B<3>           |NOZC<0>        |   10.475|
B<3>           |NOZC<1>        |   14.752|
B<3>           |NOZC<2>        |   14.366|
B<3>           |NOZC<3>        |   13.491|
B<3>           |S<0>           |   13.931|
B<3>           |S<1>           |   14.146|
B<3>           |S<2>           |   13.575|
B<3>           |S<3>           |   12.964|
B<3>           |S<4>           |   13.507|
B<3>           |S<5>           |   13.200|
B<3>           |S<6>           |   13.501|
B<3>           |S<7>           |   13.287|
B<4>           |NOZC<0>        |   11.091|
B<4>           |NOZC<1>        |   14.819|
B<4>           |NOZC<2>        |   14.433|
B<4>           |NOZC<3>        |   13.558|
B<4>           |S<0>           |   13.998|
B<4>           |S<1>           |   14.213|
B<4>           |S<2>           |   13.642|
B<4>           |S<3>           |   13.031|
B<4>           |S<4>           |   13.574|
B<4>           |S<5>           |   13.267|
B<4>           |S<6>           |   13.568|
B<4>           |S<7>           |   13.354|
B<5>           |NOZC<0>        |   10.895|
B<5>           |NOZC<1>        |   14.604|
B<5>           |NOZC<2>        |   14.218|
B<5>           |NOZC<3>        |   13.343|
B<5>           |S<0>           |   13.783|
B<5>           |S<1>           |   13.998|
B<5>           |S<2>           |   13.427|
B<5>           |S<3>           |   12.816|
B<5>           |S<4>           |   13.359|
B<5>           |S<5>           |   13.052|
B<5>           |S<6>           |   13.353|
B<5>           |S<7>           |   13.139|
B<6>           |NOZC<0>        |   10.586|
B<6>           |NOZC<1>        |   14.798|
B<6>           |NOZC<2>        |   14.412|
B<6>           |NOZC<3>        |   13.537|
B<6>           |S<0>           |   13.977|
B<6>           |S<1>           |   14.192|
B<6>           |S<2>           |   13.621|
B<6>           |S<3>           |   13.010|
B<6>           |S<4>           |   13.553|
B<6>           |S<5>           |   13.246|
B<6>           |S<6>           |   13.547|
B<6>           |S<7>           |   13.333|
B<7>           |NOZC<0>        |   10.399|
B<7>           |NOZC<1>        |   14.457|
B<7>           |NOZC<2>        |   14.071|
B<7>           |NOZC<3>        |   13.196|
B<7>           |S<0>           |   13.636|
B<7>           |S<1>           |   13.851|
B<7>           |S<2>           |   13.280|
B<7>           |S<3>           |   12.669|
B<7>           |S<4>           |   13.212|
B<7>           |S<5>           |   12.905|
B<7>           |S<6>           |   13.206|
B<7>           |S<7>           |   12.992|
Ctrl_Alu<0>    |NOZC<0>        |    8.131|
Ctrl_Alu<0>    |NOZC<1>        |   10.023|
Ctrl_Alu<0>    |NOZC<2>        |    8.819|
Ctrl_Alu<0>    |NOZC<3>        |    8.773|
Ctrl_Alu<0>    |S<0>           |    9.067|
Ctrl_Alu<0>    |S<1>           |    9.446|
Ctrl_Alu<0>    |S<2>           |    8.862|
Ctrl_Alu<0>    |S<3>           |    8.433|
Ctrl_Alu<0>    |S<4>           |    8.424|
Ctrl_Alu<0>    |S<5>           |    8.520|
Ctrl_Alu<0>    |S<6>           |    8.705|
Ctrl_Alu<0>    |S<7>           |    8.569|
Ctrl_Alu<1>    |NOZC<0>        |    9.194|
Ctrl_Alu<1>    |NOZC<1>        |   10.885|
Ctrl_Alu<1>    |NOZC<2>        |    9.971|
Ctrl_Alu<1>    |NOZC<3>        |    9.446|
Ctrl_Alu<1>    |S<0>           |    9.448|
Ctrl_Alu<1>    |S<1>           |    9.828|
Ctrl_Alu<1>    |S<2>           |    9.615|
Ctrl_Alu<1>    |S<3>           |    9.193|
Ctrl_Alu<1>    |S<4>           |    9.425|
Ctrl_Alu<1>    |S<5>           |    9.530|
Ctrl_Alu<1>    |S<6>           |    9.410|
Ctrl_Alu<1>    |S<7>           |    9.242|
Ctrl_Alu<2>    |NOZC<0>        |    9.009|
Ctrl_Alu<2>    |NOZC<1>        |   10.713|
Ctrl_Alu<2>    |NOZC<2>        |    9.786|
Ctrl_Alu<2>    |NOZC<3>        |    9.463|
Ctrl_Alu<2>    |S<0>           |    9.389|
Ctrl_Alu<2>    |S<1>           |    9.779|
Ctrl_Alu<2>    |S<2>           |    9.687|
Ctrl_Alu<2>    |S<3>           |    9.548|
Ctrl_Alu<2>    |S<4>           |    9.132|
Ctrl_Alu<2>    |S<5>           |    9.343|
Ctrl_Alu<2>    |S<6>           |    9.167|
Ctrl_Alu<2>    |S<7>           |    9.259|
---------------+---------------+---------+


Analysis completed Thu May 07 10:06:56 2020 
--------------------------------------------------------------------------------

Trace Settings:
-------------------------
Trace Settings 

Peak Memory Usage: 4554 MB



